target	transcript	numSupports	maxSimilarity	minEndsDiff	minIndelBases	minIndelBaseRate	filter_minSimilarity	filter_maxEndsDiff	filter_maxIndelBases	filter_maxIndelBaseRate	filter_strand
ANKMY2+1		2	1.0	0	0	0.0			10	10	N
