target	transcript	numSupports	maxSimilarity	minEndsDiff	minIndelBases	minIndelBaseRate	filter_minSimilarity	filter_maxEndsDiff	filter_maxIndelBases	filter_maxIndelBaseRate	filter_strand
HES2+A		13	1.0	0	0	0.0	0.99				N
