target_id	transcript_id	chain_supports
HES2+A	ENST00000705377	197
