name	value
genes	33
targets	33
transcripts	33
allCount	33
allSupported	31
allSupportedRate	93.9
allUnsupported	2
allUnsupportedRate	6.1
knownCount	7
knownSupported	7
knownSupportedRate	100.0
knownUnsupported	0
knownUnsupportedRate	0.0
novelCount	26
novelSupported	24
novelSupportedRate	92.3
novelUnsupported	2
novelUnsupportedRate	7.7
ismCount	0
ismSupported	0
ismSupportedRate	0.0
ismUnsupported	0
ismUnsupportedRate	0.0
