target_id	transcript_id	chain_supports
ALG6+1	NNC_39352	0
