target	transcript	numSupports	maxSimilarity	minEndsDiff	minIndelBases	minIndelBaseRate	filter_minSimilarity	filter_maxEndsDiff	filter_maxIndelBases	filter_maxIndelBaseRate	filter_strand
HES2+A		45	1.0	0	0	0.0					N
