target	transcript	platform	chain_supports	sim_99	sim_95
HES2+A	ENST00000705377	pb	196	13	15
