target	numSupports	minEndsDiff	minIndelBases	minIndelBaseRate	filter_maxEndsDiff	filter_maxIndelBases	filter_maxIndelBaseRate
HES2+A	8	0	0	0	1	2	0.005
